// Jest Snapshot v1, https://goo.gl/fbAQLP

exports[`expect to render CardList compoenent 1`] = `
<div
  className="cards"
>
  <div
    className="card"
  >
    <div
      className="card_img-container"
    >
      <img
        alt="A random robot face"
        className="img-container_img"
        src="https://robohash.org/1?200x200"
      />
    </div>
    <div
      className="card_info"
    >
      <h3
        className="info_name"
      >
        Robo
      </h3>
      <p
        className="info_email"
      >
        robo@test.com
      </p>
    </div>
  </div>
  <div
    className="card"
  >
    <div
      className="card_img-container"
    >
      <img
        alt="A random robot face"
        className="img-container_img"
        src="https://robohash.org/2?200x200"
      />
    </div>
    <div
      className="card_info"
    >
      <h3
        className="info_name"
      >
        BoomBaam
      </h3>
      <p
        className="info_email"
      >
        boombaam@test.com
      </p>
    </div>
  </div>
</div>
`;
